mode: atomic
github.com/M1z23r/nikologs-go/buffer.go:12.30,20.18 5 31
github.com/M1z23r/nikologs-go/buffer.go:20.18,21.22 1 50
github.com/M1z23r/nikologs-go/buffer.go:21.22,23.4 1 25
github.com/M1z23r/nikologs-go/buffer.go:24.3,26.26 3 25
github.com/M1z23r/nikologs-go/buffer.go:29.2,29.6 1 31
github.com/M1z23r/nikologs-go/buffer.go:29.6,30.10 1 68
github.com/M1z23r/nikologs-go/buffer.go:31.25,33.33 2 36
github.com/M1z23r/nikologs-go/buffer.go:33.33,35.5 1 18
github.com/M1z23r/nikologs-go/buffer.go:36.19,37.11 1 1
github.com/M1z23r/nikologs-go/buffer.go:38.17,40.8 1 31
github.com/M1z23r/nikologs-go/buffer.go:40.8,41.12 1 73
github.com/M1z23r/nikologs-go/buffer.go:42.27,43.30 1 42
github.com/M1z23r/nikologs-go/buffer.go:44.13,46.12 2 31
github.com/M1z23r/nikologs-go/buffer.go:54.50,56.52 2 25
github.com/M1z23r/nikologs-go/buffer.go:56.52,58.17 2 37
github.com/M1z23r/nikologs-go/buffer.go:58.17,60.4 1 20
github.com/M1z23r/nikologs-go/buffer.go:61.3,61.29 1 17
github.com/M1z23r/nikologs-go/buffer.go:61.29,64.4 2 12
github.com/M1z23r/nikologs-go/buffer.go:64.9,66.4 1 5
github.com/M1z23r/nikologs-go/buffer.go:71.26,73.12 2 0
github.com/M1z23r/nikologs-go/buffer.go:73.12,76.7 3 0
github.com/M1z23r/nikologs-go/buffer.go:76.7,77.11 1 0
github.com/M1z23r/nikologs-go/buffer.go:78.26,79.29 1 0
github.com/M1z23r/nikologs-go/buffer.go:80.12,81.23 1 0
github.com/M1z23r/nikologs-go/buffer.go:81.23,83.6 1 0
github.com/M1z23r/nikologs-go/buffer.go:84.5,84.11 1 0
github.com/M1z23r/nikologs-go/buffer.go:88.2,88.8 1 0
github.com/M1z23r/nikologs-go/client.go:37.49,44.30 1 31
github.com/M1z23r/nikologs-go/client.go:44.31,44.32 0 4
github.com/M1z23r/nikologs-go/client.go:48.2,48.27 1 31
github.com/M1z23r/nikologs-go/client.go:48.27,50.3 1 72
github.com/M1z23r/nikologs-go/client.go:51.2,53.10 3 31
github.com/M1z23r/nikologs-go/client.go:58.54,61.9 3 31
github.com/M1z23r/nikologs-go/client.go:62.16,63.13 1 31
github.com/M1z23r/nikologs-go/client.go:64.20,65.19 1 0
github.com/M1z23r/nikologs-go/client.go:70.37,71.25 1 18
github.com/M1z23r/nikologs-go/client.go:71.25,73.3 1 18
github.com/M1z23r/nikologs-go/client.go:77.39,78.25 1 6
github.com/M1z23r/nikologs-go/client.go:78.25,80.3 1 6
github.com/M1z23r/nikologs-go/client.go:84.48,85.25 1 24
github.com/M1z23r/nikologs-go/client.go:85.25,87.3 1 24
github.com/M1z23r/nikologs-go/client.go:91.37,92.25 1 14
github.com/M1z23r/nikologs-go/client.go:92.25,94.3 1 14
github.com/M1z23r/nikologs-go/client.go:98.45,99.25 1 2
github.com/M1z23r/nikologs-go/client.go:99.25,101.3 1 2
github.com/M1z23r/nikologs-go/client.go:105.39,106.25 1 4
github.com/M1z23r/nikologs-go/client.go:106.25,108.3 1 4
github.com/M1z23r/nikologs-go/client.go:112.41,113.25 1 4
github.com/M1z23r/nikologs-go/client.go:113.25,115.3 1 4
github.com/M1z23r/nikologs-go/errors.go:21.34,23.2 1 1
github.com/M1z23r/nikologs-go/errors.go:32.42,34.2 1 3
github.com/M1z23r/nikologs-go/ingest.go:19.71,21.28 2 40
github.com/M1z23r/nikologs-go/ingest.go:21.28,23.3 1 94
github.com/M1z23r/nikologs-go/ingest.go:24.2,25.16 2 40
github.com/M1z23r/nikologs-go/ingest.go:25.16,27.3 1 0
github.com/M1z23r/nikologs-go/ingest.go:29.2,30.16 2 40
github.com/M1z23r/nikologs-go/ingest.go:30.16,32.3 1 0
github.com/M1z23r/nikologs-go/ingest.go:33.2,37.16 4 40
github.com/M1z23r/nikologs-go/ingest.go:37.16,39.3 1 0
github.com/M1z23r/nikologs-go/ingest.go:40.2,42.44 2 40
github.com/M1z23r/nikologs-go/ingest.go:42.44,45.3 2 18
github.com/M1z23r/nikologs-go/ingest.go:47.2,48.67 2 22
github.com/M1z23r/nikologs-go/ingest.go:48.67,50.3 1 0
github.com/M1z23r/nikologs-go/ingest.go:51.2,51.21 1 22
github.com/M1z23r/nikologs-go/ingest.go:56.118,57.23 1 4
github.com/M1z23r/nikologs-go/ingest.go:57.23,59.3 1 1
github.com/M1z23r/nikologs-go/ingest.go:61.2,64.16 4 3
github.com/M1z23r/nikologs-go/ingest.go:64.16,66.3 1 0
github.com/M1z23r/nikologs-go/ingest.go:67.2,67.47 1 3
github.com/M1z23r/nikologs-go/ingest.go:67.47,69.3 1 0
github.com/M1z23r/nikologs-go/ingest.go:70.2,73.16 3 3
github.com/M1z23r/nikologs-go/ingest.go:73.16,75.3 1 0
github.com/M1z23r/nikologs-go/ingest.go:76.2,80.16 4 3
github.com/M1z23r/nikologs-go/ingest.go:80.16,82.3 1 0
github.com/M1z23r/nikologs-go/ingest.go:83.2,85.53 2 3
github.com/M1z23r/nikologs-go/ingest.go:85.53,88.3 2 2
github.com/M1z23r/nikologs-go/ingest.go:90.2,91.67 2 1
github.com/M1z23r/nikologs-go/ingest.go:91.67,93.3 1 0
github.com/M1z23r/nikologs-go/ingest.go:94.2,94.21 1 1
github.com/M1z23r/nikologs-go/log.go:31.32,32.40 1 104
github.com/M1z23r/nikologs-go/log.go:32.40,34.3 1 103
github.com/M1z23r/nikologs-go/log.go:35.2,35.18 1 1
github.com/M1z23r/nikologs-go/log.go:53.44,58.20 2 96
github.com/M1z23r/nikologs-go/log.go:58.20,60.3 1 19
github.com/M1z23r/nikologs-go/log.go:61.2,61.38 1 96
github.com/M1z23r/nikologs-go/log.go:61.38,63.3 1 18
github.com/M1z23r/nikologs-go/log.go:64.2,64.24 1 96
github.com/M1z23r/nikologs-go/log.go:64.24,66.3 1 4
github.com/M1z23r/nikologs-go/log.go:67.2,67.21 1 96
github.com/M1z23r/nikologs-go/log.go:67.21,69.3 1 2
github.com/M1z23r/nikologs-go/log.go:70.2,70.20 1 96
github.com/M1z23r/nikologs-go/log.go:70.20,72.3 1 0
github.com/M1z23r/nikologs-go/log.go:73.2,73.10 1 96
github.com/M1z23r/nikologs-go/log.go:80.43,81.24 1 3
github.com/M1z23r/nikologs-go/log.go:81.24,83.3 1 3
github.com/M1z23r/nikologs-go/log.go:87.39,88.24 1 3
github.com/M1z23r/nikologs-go/log.go:88.24,90.3 1 3
github.com/M1z23r/nikologs-go/log.go:94.38,95.24 1 1
github.com/M1z23r/nikologs-go/log.go:95.24,97.3 1 1
github.com/M1z23r/nikologs-go/log.go:103.81,104.16 1 79
github.com/M1z23r/nikologs-go/log.go:104.16,107.3 2 1
github.com/M1z23r/nikologs-go/log.go:108.2,114.27 2 78
github.com/M1z23r/nikologs-go/log.go:114.27,116.3 1 2
github.com/M1z23r/nikologs-go/log.go:117.2,117.9 1 78
github.com/M1z23r/nikologs-go/log.go:118.22,118.22 0 78
github.com/M1z23r/nikologs-go/log.go:119.10,120.72 1 0
github.com/M1z23r/nikologs-go/log.go:125.72,127.2 1 1
github.com/M1z23r/nikologs-go/log.go:130.70,132.2 1 1
github.com/M1z23r/nikologs-go/log.go:135.70,137.2 1 2
github.com/M1z23r/nikologs-go/log.go:140.69,142.2 1 65
github.com/M1z23r/nikologs-go/log.go:145.69,147.2 1 1
github.com/M1z23r/nikologs-go/log.go:150.70,152.2 1 2
github.com/M1z23r/nikologs-go/log.go:155.70,157.2 1 1
github.com/M1z23r/nikologs-go/slog_handler.go:24.76,29.38 2 8
github.com/M1z23r/nikologs-go/slog_handler.go:29.38,31.3 1 3
github.com/M1z23r/nikologs-go/slog_handler.go:32.2,32.10 1 8
github.com/M1z23r/nikologs-go/slog_handler.go:36.73,38.2 1 9
github.com/M1z23r/nikologs-go/slog_handler.go:41.70,45.28 2 5
github.com/M1z23r/nikologs-go/slog_handler.go:45.28,47.3 1 1
github.com/M1z23r/nikologs-go/slog_handler.go:50.2,50.33 1 5
github.com/M1z23r/nikologs-go/slog_handler.go:50.33,53.3 2 6
github.com/M1z23r/nikologs-go/slog_handler.go:55.2,56.21 2 5
github.com/M1z23r/nikologs-go/slog_handler.go:56.21,58.3 1 5
github.com/M1z23r/nikologs-go/slog_handler.go:60.2,61.12 2 5
github.com/M1z23r/nikologs-go/slog_handler.go:65.65,75.2 4 1
github.com/M1z23r/nikologs-go/slog_handler.go:78.59,80.19 2 3
github.com/M1z23r/nikologs-go/slog_handler.go:80.19,82.3 1 1
github.com/M1z23r/nikologs-go/slog_handler.go:83.2,88.3 1 3
github.com/M1z23r/nikologs-go/slog_handler.go:92.52,93.9 1 11
github.com/M1z23r/nikologs-go/slog_handler.go:94.27,95.20 1 1
github.com/M1z23r/nikologs-go/slog_handler.go:96.26,97.20 1 1
github.com/M1z23r/nikologs-go/slog_handler.go:98.26,99.19 1 6
github.com/M1z23r/nikologs-go/slog_handler.go:100.27,101.19 1 1
github.com/M1z23r/nikologs-go/slog_handler.go:102.10,103.20 1 2
github.com/M1z23r/nikologs-go/slog_handler.go:108.74,111.18 3 7
github.com/M1z23r/nikologs-go/slog_handler.go:111.18,113.3 1 2
github.com/M1z23r/nikologs-go/slog_handler.go:115.2,115.38 1 7
github.com/M1z23r/nikologs-go/slog_handler.go:115.38,116.38 1 0
github.com/M1z23r/nikologs-go/slog_handler.go:116.38,118.4 1 0
github.com/M1z23r/nikologs-go/slog_handler.go:119.3,119.9 1 0
github.com/M1z23r/nikologs-go/slog_handler.go:122.2,122.24 1 7
github.com/M1z23r/nikologs-go/slog_handler.go:123.22,124.37 1 3
github.com/M1z23r/nikologs-go/slog_handler.go:125.23,126.39 1 0
github.com/M1z23r/nikologs-go/slog_handler.go:127.10,128.30 1 4
